// Jest Snapshot v1, https://goo.gl/fbAQLP

exports[`App 包含预期html结构 1`] = `
<a-config-provider
  locale="[object Object]"
>
  <div
    id="app"
  >
    <transition-stub
      mode="out-in"
      name="fade-transform"
    >
      <router-view />
    </transition-stub>
  </div>
</a-config-provider>
`;
