// Jest Snapshot v1, https://goo.gl/fbAQLP

exports[`EntityList entityList snapshot 1`] = `
<div class="addEntityForm">
  <h3 style="margin-left: 40%; padding-top: 6%;">添加实体</h3>
  <div role="separator" class="ant-divider ant-divider-horizontal"></div>
  <form class="ant-form ant-form-horizontal" style="margin-right: 16%;">
    <div class="ant-row ant-form-item ant-form-item-with-help">
      <div class="ant-col ant-col-lg-10 ant-col-xl-9 ant-form-item-label"><label title="实体值：" class="">实体值</label></div>
      <div class="ant-col ant-col-lg-14 ant-col-xl-15 ant-form-item-control-wrapper">
        <div class="ant-form-item-control"><span class="ant-form-item-children"><input type="text" maxlength="10" class="ant-input"></span>
          <transition-stub appear="true">
            <div class="ant-form-explain">请输入1-10位实体值，与现有实体值不相同</div>
          </transition-stub>
        </div>
      </div>
    </div>
    <div class="ant-row ant-form-item ant-form-item-with-help">
      <div class="ant-col ant-col-lg-10 ant-col-xl-9 ant-form-item-label"><label title="实体类型：" class="">实体类型</label></div>
      <div class="ant-col ant-col-lg-14 ant-col-xl-15 ant-form-item-control-wrapper">
        <div class="ant-form-item-control"><span class="ant-form-item-children"><input type="text" maxlength="10" class="ant-input"></span>
          <transition-stub appear="true">
            <div class="ant-form-explain">请输入1-10位实体类型</div>
          </transition-stub>
        </div>
      </div>
    </div>
  </form>
  <transition-stub id="addEntityButton" class="tag-item" style="cursor: pointer; border-style: solid;"><span class="ant-tag"><i aria-label="icon: plus" class="anticon anticon-plus"><svg viewBox="64 64 896 896" data-icon="plus" width="1em" height="1em" fill="currentColor" aria-hidden="true" focusable="false" class=""><path d="M482 152h60q8 0 8 8v704q0 8-8 8h-60q-8 0-8-8V160q0-8 8-8z"></path><path d="M176 474h672q8 0 8 8v60q0 8-8 8H176q-8 0-8-8v-60q0-8 8-8z"></path></svg></i> 确认增加
  </span></transition-stub>
</div>
`;
